18:36:49 **** Auto Build of configuration Debug for project Labo2 ****
make pre-build main-build 
a9-linaro-pre-build-step
' '
'Building file: ../src/simAvion.c'
'Invoking: ARM v7 gcc compiler'
arm-none-eabi-gcc -Wall -O0 -g3 -I../src/ucos -c -fmessage-length=0 -MT"src/simAvion.o" -mcpu=cortex-a9 -mfpu=vfpv3 -mfloat-abi=hard -I../../standalone_bsp_0/ps7_cortexa9_0/include -MMD -MP -MF"src/simAvion.d" -MT"src/simAvion.o" -o "src/simAvion.o" "../src/simAvion.c"
../src/simAvion.c: In function 'terminal':
../src/simAvion.c:252:20: warning: initialization makes integer from pointer without a cast [-Wint-conversion]
  int numTerminal = data; //TODO: A modifier
                    ^~~~
'Finished building: ../src/simAvion.c'
' '
'Building target: Labo2.elf'
'Invoking: ARM v7 gcc linker'
arm-none-eabi-gcc -mcpu=cortex-a9 -mfpu=vfpv3 -mfloat-abi=hard -Wl,-build-id=none -specs=Xilinx.spec -Wl,-T -Wl,../src/lscript.ld -L../../standalone_bsp_0/ps7_cortexa9_0/lib -o "Labo2.elf"  ./src/ucos/CortexA-MPCore_GIC_a.o ./src/ucos/CortexA-MPCore_GIC_c.o ./src/ucos/CortexA-MPCore_PrivateTimer.o ./src/ucos/CortexA-MPCore_SCU.o ./src/ucos/asm_vectors.o ./src/ucos/os_core.o ./src/ucos/os_cpu_a.o ./src/ucos/os_cpu_c.o ./src/ucos/os_cpu_fpu_a.o ./src/ucos/os_dbg.o ./src/ucos/os_flag.o ./src/ucos/os_mbox.o ./src/ucos/os_mem.o ./src/ucos/os_mutex.o ./src/ucos/os_q.o ./src/ucos/os_sem.o ./src/ucos/os_task.o ./src/ucos/os_time.o ./src/ucos/os_tmr.o  ./src/bsp_init.o ./src/platform.o ./src/simAvion.o   -Wl,--start-group,-lxil,-lgcc,-lc,--end-group
'Finished building target: Labo2.elf'
' '
'Invoking: ARM v7 Print Size'
arm-none-eabi-size Labo2.elf  |tee "Labo2.elf.size"
   text	   data	    bss	    dec	    hex	filename
 142536	   4228	4665808	4812572	 496f1c	Labo2.elf
'Finished building: Labo2.elf.size'
' '

18:36:51 Build Finished (took 2s.109ms)

